../Core/Src/main.c:67:6:HAL_GPIO_EXTI_Callback	16	static
../Core/Src/main.c:75:6:receive_choice	24	static
../Core/Src/main.c:87:6:receive_number	24	static
../Core/Src/main.c:105:5:main	32	static
../Core/Src/main.c:211:6:SystemClock_Config	88	static
../Core/Src/main.c:258:13:MX_CAN1_Init	48	static
../Core/Src/main.c:306:13:MX_USART2_UART_Init	8	static
../Core/Src/main.c:339:13:MX_GPIO_Init	48	static
../Core/Src/main.c:387:6:HAL_CAN_TxMailbox0CompleteCallback	16	static
../Core/Src/main.c:399:6:Error_Handler	4	static,ignoring_inline_asm
