../Core/Src/main.c:57:1:__io_putchar	16	static
../Core/Src/main.c:176:5:main	8	static
../Core/Src/main.c:349:6:SystemClock_Config	88	static
../Core/Src/main.c:396:13:MX_CAN1_Init	48	static
../Core/Src/main.c:444:13:MX_TIM8_Init	56	static
../Core/Src/main.c:510:13:MX_TIM13_Init	40	static
../Core/Src/main.c:556:13:MX_USART3_UART_Init	8	static
../Core/Src/main.c:589:13:MX_GPIO_Init	48	static
../Core/Src/main.c:646:6:HAL_CAN_TxMailbox0CompleteCallback	16	static
../Core/Src/main.c:660:6:Error_Handler	4	static,ignoring_inline_asm
